// Jest Snapshot v1, https://goo.gl/fbAQLP

exports[`should render ExpenseList with empty message 1`] = `
<div>
  <p>
    No Expenses
  </p>
</div>
`;

exports[`should render expenseList with expenses 1`] = `
<div>
  <ExpenseListItem
    amount={190}
    createdAt={0}
    description="Gum"
    id="1"
    key="1"
    note=""
  />
  <ExpenseListItem
    amount={2000}
    createdAt={-345600000}
    description="rent"
    id="2"
    key="2"
    note=""
  />
  <ExpenseListItem
    amount={400}
    createdAt={432000000}
    description="coffee"
    id="3"
    key="3"
    note=""
  />
</div>
`;
